===============================
= Setting up the environment =
===============================

Changing directory to the location of the script...
Directory changed to /home/pi/Desktop/alex



===============================
= Installing Python          =
===============================




===============================
= Installing Dependencies    =
===============================

Creating virtual environment...
Virtual environment created.

Looking in indexes: https://pypi.org/simple, https://www.piwheels.org/simple
Requirement already satisfied: pip in ./env/lib/python3.11/site-packages (23.0.1)
Collecting pip
  Using cached https://www.piwheels.org/simple/pip/pip-25.0.1-py3-none-any.whl (1.8 MB)
Installing collected packages: pip
  Attempting uninstall: pip
    Found existing installation: pip 23.0.1
    Uninstalling pip-23.0.1:
      Successfully uninstalled pip-23.0.1
Successfully installed pip-25.0.1

Looking in indexes: https://pypi.org/simple, https://www.piwheels.org/simple
Requirement already satisfied: numpy in /usr/lib/python3/dist-packages (1.24.2)
Collecting matplotlib
  Using cached matplotlib-3.10.1-cp311-cp311-manylinux_2_17_aarch64.manylinux2014_aarch64.whl.metadata (11 kB)
Requirement already satisfied: pyserial in /usr/lib/python3/dist-packages (3.5)
Collecting contourpy>=1.0.1 (from matplotlib)
  Using cached contourpy-1.3.1-cp311-cp311-manylinux_2_17_aarch64.manylinux2014_aarch64.whl.metadata (5.4 kB)
Collecting cycler>=0.10 (from matplotlib)
  Using cached https://www.piwheels.org/simple/cycler/cycler-0.12.1-py3-none-any.whl (8.3 kB)
Collecting fonttools>=4.22.0 (from matplotlib)
  Using cached fonttools-4.56.0-cp311-cp311-manylinux_2_17_aarch64.manylinux2014_aarch64.whl.metadata (101 kB)
Collecting kiwisolver>=1.3.1 (from matplotlib)
  Using cached kiwisolver-1.4.8-cp311-cp311-manylinux_2_17_aarch64.manylinux2014_aarch64.whl.metadata (6.2 kB)
Collecting packaging>=20.0 (from matplotlib)
  Using cached https://www.piwheels.org/simple/packaging/packaging-24.2-py3-none-any.whl (65 kB)
Requirement already satisfied: pillow>=8 in /usr/lib/python3/dist-packages (from matplotlib) (9.4.0)
Collecting pyparsing>=2.3.1 (from matplotlib)
  Using cached https://www.piwheels.org/simple/pyparsing/pyparsing-3.2.1-py3-none-any.whl (107 kB)
Collecting python-dateutil>=2.7 (from matplotlib)
  Using cached https://www.piwheels.org/simple/python-dateutil/python_dateutil-2.9.0.post0-py2.py3-none-any.whl (229 kB)
Requirement already satisfied: six>=1.5 in /usr/lib/python3/dist-packages (from python-dateutil>=2.7->matplotlib) (1.16.0)
Using cached matplotlib-3.10.1-cp311-cp311-manylinux_2_17_aarch64.manylinux2014_aarch64.whl (8.5 MB)
Using cached contourpy-1.3.1-cp311-cp311-manylinux_2_17_aarch64.manylinux2014_aarch64.whl (313 kB)
Using cached fonttools-4.56.0-cp311-cp311-manylinux_2_17_aarch64.manylinux2014_aarch64.whl (4.9 MB)
Using cached kiwisolver-1.4.8-cp311-cp311-manylinux_2_17_aarch64.manylinux2014_aarch64.whl (1.4 MB)
WARNING: Error parsing dependencies of send2trash: Expected matching RIGHT_PARENTHESIS for LEFT_PARENTHESIS, after version specifier
    sys-platform (=="darwin") ; extra == 'objc'
                 ~^
Installing collected packages: python-dateutil, pyparsing, packaging, kiwisolver, fonttools, cycler, contourpy, matplotlib
Successfully installed contourpy-1.3.1 cycler-0.12.1 fonttools-4.56.0 kiwisolver-1.4.8 matplotlib-3.10.1 packaging-24.2 pyparsing-3.2.1 python-dateutil-2.9.0.post0

Installing pyrplidar...
Looking in indexes: https://pypi.org/simple, https://www.piwheels.org/simple
Obtaining file:///home/pi/Desktop/alex/libraries/external/pyrplidar
  Installing build dependencies: started
  Installing build dependencies: finished with status 'done'
  Checking if build backend supports build_editable: started
  Checking if build backend supports build_editable: finished with status 'done'
  Getting requirements to build editable: started
  Getting requirements to build editable: finished with status 'done'
  Preparing editable metadata (pyproject.toml): started
  Preparing editable metadata (pyproject.toml): finished with status 'done'
Requirement already satisfied: pyserial in /usr/lib/python3/dist-packages (from pyrplidar==0.1.2) (3.5)
Building wheels for collected packages: pyrplidar
  Building editable for pyrplidar (pyproject.toml): started
  Building editable for pyrplidar (pyproject.toml): finished with status 'done'
  Created wheel for pyrplidar: filename=pyrplidar-0.1.2-0.editable-py3-none-any.whl size=3214 sha256=698a47f305c6d8727d117064e4db482afa9ab979d3d46bcbb38a279dd8850fd5
  Stored in directory: /tmp/pip-ephem-wheel-cache-zp8qxsrn/wheels/de/e0/82/377f01bb603365f65d46645cdf022ffdc17b9938885d937603
Successfully built pyrplidar
WARNING: Error parsing dependencies of send2trash: Expected matching RIGHT_PARENTHESIS for LEFT_PARENTHESIS, after version specifier
    sys-platform (=="darwin") ; extra == 'objc'
                 ~^
Installing collected packages: pyrplidar
Successfully installed pyrplidar-0.1.2

Installing lidar...
Looking in indexes: https://pypi.org/simple, https://www.piwheels.org/simple
Obtaining file:///home/pi/Desktop/alex/libraries/epp2/lidar
  Installing build dependencies: started
  Installing build dependencies: finished with status 'done'
  Checking if build backend supports build_editable: started
  Checking if build backend supports build_editable: finished with status 'done'
  Getting requirements to build editable: started
  Getting requirements to build editable: finished with status 'done'
  Preparing editable metadata (pyproject.toml): started
  Preparing editable metadata (pyproject.toml): finished with status 'done'
Requirement already satisfied: numpy in /usr/lib/python3/dist-packages (from lidar==0.1.0) (1.24.2)
Requirement already satisfied: matplotlib in ./env/lib/python3.11/site-packages (from lidar==0.1.0) (3.10.1)
Requirement already satisfied: pyserial in /usr/lib/python3/dist-packages (from lidar==0.1.0) (3.5)
Requirement already satisfied: contourpy>=1.0.1 in ./env/lib/python3.11/site-packages (from matplotlib->lidar==0.1.0) (1.3.1)
Requirement already satisfied: cycler>=0.10 in ./env/lib/python3.11/site-packages (from matplotlib->lidar==0.1.0) (0.12.1)
Requirement already satisfied: fonttools>=4.22.0 in ./env/lib/python3.11/site-packages (from matplotlib->lidar==0.1.0) (4.56.0)
Requirement already satisfied: kiwisolver>=1.3.1 in ./env/lib/python3.11/site-packages (from matplotlib->lidar==0.1.0) (1.4.8)
Requirement already satisfied: packaging>=20.0 in ./env/lib/python3.11/site-packages (from matplotlib->lidar==0.1.0) (24.2)
Requirement already satisfied: pillow>=8 in /usr/lib/python3/dist-packages (from matplotlib->lidar==0.1.0) (9.4.0)
Requirement already satisfied: pyparsing>=2.3.1 in ./env/lib/python3.11/site-packages (from matplotlib->lidar==0.1.0) (3.2.1)
Requirement already satisfied: python-dateutil>=2.7 in ./env/lib/python3.11/site-packages (from matplotlib->lidar==0.1.0) (2.9.0.post0)
Requirement already satisfied: six>=1.5 in /usr/lib/python3/dist-packages (from python-dateutil>=2.7->matplotlib->lidar==0.1.0) (1.16.0)
Building wheels for collected packages: lidar
  Building editable for lidar (pyproject.toml): started
  Building editable for lidar (pyproject.toml): finished with status 'done'
  Created wheel for lidar: filename=lidar-0.1.0-0.editable-py3-none-any.whl size=1253 sha256=d1618ce2d8579596e780a7cf1de7399b4fe7018501e07120e55a7b5dc09f4ae3
  Stored in directory: /tmp/pip-ephem-wheel-cache-z7jmb_et/wheels/d6/67/a0/6cf42cf088aa51ecbfa14bb4a12e1b32c2c04dbe80fa8389f7
Successfully built lidar
WARNING: Error parsing dependencies of send2trash: Expected matching RIGHT_PARENTHESIS for LEFT_PARENTHESIS, after version specifier
    sys-platform (=="darwin") ; extra == 'objc'
                 ~^
Installing collected packages: lidar
Successfully installed lidar-0.1.0

Setup complete. Exiting...
